MPASM  5.51                           LED.ASM   8-31-2020  21:36:22         PAGE  1


LOC  OBJECT CODE     LINE SOURCE TEXT
  VALUE

                      00001 #include <p16F887.inc>
                      00001         LIST
                      00002 
                      00003 ;==========================================================================
                      00004 ;  MPASM PIC16F887 processor include
                      00005 ; 
                      00006 ;  (c) Copyright 1999-2013 Microchip Technology, All rights reserved
                      00007 ;==========================================================================
                      00008 
                      00809         LIST
Warning[205]: Found directive in column 1. (__CONFIG)
2007   20C4           00002 __CONFIG    _CONFIG1, _LVP_OFF & _FCMEN_OFF & _IESO_OFF & _BOR_OFF & _CPD_OFF & _CP_OFF & _MCLRE_OFF & _
                            PWRTE_ON & _WDT_OFF & _INTRC_OSC_NOCLKOUT
                      00003 ;__CONFIG    _CONFIG1,  _LVP_OFF &_FCMEN_OFF & _IESO_OFF & _BOR_OFF & _CPD_OFF & _CP_OFF & _PWRTE_ON & _
                            WDT_OFF & _INTRC_OSC_NOCLKOUT
                      00004 
Warning[205]: Found directive in column 1. (__CONFIG)
2008   3EFF           00005 __CONFIG    _CONFIG2, _WRT_OFF & _BOR21V
                      00006 
                      00007 ; Define const
Warning[207]: Found label after column 1. (CCP1)
  00000002            00008     CCP1                        EQU 2           ; RC2
Warning[207]: Found label after column 1. (IsLongPush)
  00000007            00009     IsLongPush                  EQU 7           ; 7th bit of ButtonState
Warning[207]: Found label after column 1. (Selected)
  00000007            00010     Selected                    EQU 7           ; 7th bit of CurrentMode
Warning[207]: Found label after column 1. (StableStateCounterMAX)
  0000000A            00011     StableStateCounterMAX       EQU 0x0A        ; For button debounce - count state in a row
Warning[207]: Found label after column 1. (OneShortHumanPushCounterMAX)
  00000007            00012     OneShortHumanPushCounterMAX EQU 0x07        ; Count state to get one Human button push
Warning[207]: Found label after column 1. (OneLongHumanPushCounter)
  000000F8            00013     OneLongHumanPushCounter     EQU 0xF8        ; Add to counter to get Carry bit for a long Human push
Warning[207]: Found label after column 1. (UserCommandSelectionDelay)
  0000005F            00014     UserCommandSelectionDelay   EQU 0x5F        ; Wait this number of counts to give user time for chois
                            e
Warning[207]: Found label after column 1. (PatternMaskInitial)
  00000001            00015     PatternMaskInitial          EQU 0x01
                      00016 
Warning[207]: Found label after column 1. (FALSE)
  00000000            00017     FALSE                           EQU 0
Warning[207]: Found label after column 1. (TRUE)
  00000001            00018     TRUE                            EQU 1
                      00019 
Warning[207]: Found label after column 1. (OFF_MODE)
  00000000            00020     OFF_MODE                    EQU b'00000000'
Warning[207]: Found label after column 1. (LIGHT_ON)
  00000001            00021     LIGHT_ON                    EQU b'00000001'
Warning[207]: Found label after column 1. (STROBE_ON)
  00000002            00022     STROBE_ON                   EQU b'00000010'
Warning[207]: Found label after column 1. (SOS_ON)
  00000003            00023     SOS_ON                      EQU b'00000011'
Warning[207]: Found label after column 1. (RED_ON)
  00000004            00024     RED_ON                      EQU b'00000100'
MPASM  5.51                           LED.ASM   8-31-2020  21:36:22         PAGE  2


LOC  OBJECT CODE     LINE SOURCE TEXT
  VALUE

                      00025 
                      00026 
Warning[207]: Found label after column 1. (Debug)
  00000001            00027     Debug                       EQU TRUE
                      00028     ;Debug                       EQU FALSE
                      00029 
Warning[207]: Found label after column 1. (WithRedLight)
  00000000            00030     WithRedLight                EQU FALSE
                      00031     ;WithRedLight                EQU TRUE
                      00032 
                      00033 
Warning[205]: Found directive in column 1. (cblock)
                      00034 cblock 0x20
                      00035 
  00000020            00036     BightnessSelection               ; Current LED brightness
  00000021            00037     CurrentMode             ;
  00000022            00038     ButtonState             ;
  00000023            00039     StrobeMode              ;
                      00040 
                      00041     ; button debounce
  00000024            00042     StableStateCounter
  00000025            00043     ButtonPushCounterTMP
  00000026            00044     ShortPushCounter        ; count of debounced pushes to be a Short human button push
  00000027            00045     ShortPushCounterNumber  ; count Number of a Short human button pushes
  00000028            00046     UserCommandSelectionCounter 
                      00047    
                      00048     ; strobe routine
                      00049 
  00000029            00050     Pattern0
  0000002A            00051     Pattern1
  0000002B            00052     Pattern2
                      00053 
  0000002C            00054     Delay0
  0000002D            00055     Delay1
  0000002E            00056     Delay2
                      00057 
  0000002F            00058     PatternMask
                      00059 
                      00060     ; Interrupr service
  00000030            00061         W_Save
  00000031            00062         STATUS_Save
  00000032            00063     PCLATH_Save
                      00064 
                      00065     ; Other
  00000033            00066     Delay               ; 
                      00067 
  00000034            00068     temp
                      00069 
Warning[205]: Found directive in column 1. (ENDC)
                      00070 endc
                      00071      
                      00072 
                      00073 ;===============================================================================
MPASM  5.51                           LED.ASM   8-31-2020  21:36:22         PAGE  3


LOC  OBJECT CODE     LINE SOURCE TEXT
  VALUE

                      00074 ; executable CODE goes here
                      00075 ;===============================================================================
                      00076 RES_VECT  CODE    0x0000            ; processor reset vector
0000   2???           00077     GOTO    MAIN_PROGRAM_CONFIG     ; go to beginning of program
                      00078 
                      00079 
                      00080 ; -----------------------------------------------------------------------
                      00081 ; *             Interrupts
                      00082 ; -----------------------------------------------------------------------
                      00083 
                      00084 ISR       CODE    0x0004            ; Interrupts
                      00085 
0004   00B0           00086     movwf       W_Save          ; Save context
0005   0803           00087     movf        STATUS,w
0006   00B1           00088     movwf       STATUS_Save
0007   080A           00089     movf        PCLATH,w
0008   00B2           00090     movwf       PCLATH_Save
                      00091 
                      00092 
0009   1283           00093     bcf         STATUS,RP0              
                      00094 
                      00095 
                      00096 ; *******************************************************************
                      00097 ; *             lightness in PWM %
                      00098 ; *******************************************************************
                      00099 ; PWM
000A   188C           00100         btfsc           PIR1,TMR2IF                 ; PWM timer overflow
000B   2???           00101     goto        ServiceTimer2
000C   2???           00102     goto        ServiceTimer1
                      00103 
000D                  00104 ServiceTimer2:
000D   108C           00105         bcf                     PIR1,TMR2IF                 ; clear timer2
                      00106 
000E   0821           00107     movf        CurrentMode,w       ; If current mode is 0x00 then PWM duty should not be changed
000F   1903           00108     btfsc       STATUS,Z
0010   2???           00109     goto        ServiceTimer1
                      00110 
0011   0820           00111     movfw       BightnessSelection            ; 
0012   2???           00112     call        SET_PWM_by_lookupTable        ; 
0013   0095           00113     movwf       CCPR1L                        ; 
                      00114 
                      00115 
                      00116 
                      00117 ;PWM - end
                      00118 
                      00119 
                      00120 ; *******************************************************************
                      00121 ; *             STROBE/SOS pattern processing routine
                      00122 ; *******************************************************************
                      00123 ; 
0014                  00124 ServiceTimer1:
                      00125 
0014   180C           00126         btfsc           PIR1,TMR1IF                 ; PWM timer overflow
MPASM  5.51                           LED.ASM   8-31-2020  21:36:22         PAGE  4


LOC  OBJECT CODE     LINE SOURCE TEXT
  VALUE

0015   2???           00127     goto        STROBE_SOS_Pattern
0016   2???           00128     goto        ExitISR
                      00129 
0017                  00130 STROBE_SOS_Pattern:
                      00131 
                      00132 ; Timer1 int is used for delay
0017   100C           00133         bcf                     PIR1,TMR1IF                 ; clear
                      00134 
                      00135     ; Check for current mode - if not Strobe/sos - exit (this should not happen - error)
                      00136     ;STROBE_ON                   EQU b'00000010'
                      00137     ;SOS_ON                      EQU b'00000011'
                      00138 
0018   1CA1           00139     btfss       CurrentMode,1                
0019   2???           00140     goto        ExitISR
                      00141 
                      00142     ; Check pattern and turn LED on or off
001A   082F           00143     movf        PatternMask,w
001B   0529           00144     andwf       Pattern0,w
                      00145 
001C   1903           00146     btfsc       STATUS,Z
001D   2???           00147     goto        SetCurrentLEDStepOFF    ;must be off
001E   2???           00148     goto        SetCurrentLEDStepON     ;must be on
                      00149 
001F                  00150 SetCurrentLEDStepOFF:
001F   0197           00151     clrf                CCP1CON                     ; disable PWM
                      00152 
                      00153 
0020   2???           00154     goto Prepare_for_next_check
                      00155 
0021                  00156 SetCurrentLEDStepON:
0021   302C           00157         movlw           b'00101100'                 ;
0022   0097           00158         movwf           CCP1CON                     ; enable PWM 
                      00159 
0023                  00160 Prepare_for_next_check:
0023   0DAF           00161     rlf         PatternMask,f
                      00162 
0024   1C03           00163     btfss       STATUS,C            ; overflow of PatternMask, must be set to default
                      00164     ; implement cyclic pattern addr change here
0025   2???           00165     goto        $+3
0026   3001           00166     movlw       PatternMaskInitial
0027   00AF           00167     movwf       PatternMask
0028   0000           00168     nop
                      00169 
                      00170     ;debug
                      00171     ;movf        PatternMask,w
                      00172     ;movwf       PORTD               ; 
                      00173     ;debug
                      00174 
                      00175 ; STROBE/SOS pattern processing routine END
                      00176 
0029                  00177 ExitISR
0029   0831           00178     movf        STATUS_Save,w       ; Restore context
002A   0083           00179     movwf       STATUS
MPASM  5.51                           LED.ASM   8-31-2020  21:36:22         PAGE  5


LOC  OBJECT CODE     LINE SOURCE TEXT
  VALUE

002B   0832           00180     movf        PCLATH_Save,w       
002C   008A           00181     movwf       PCLATH
                      00182  
002D   0EB0           00183     swapf       W_Save,f            ; swapf doesn't affect Status bits, but MOVF would
002E   0E30           00184     swapf       W_Save,w
                      00185 
                      00186 
002F   0009           00187     retfie
                      00188 
                      00189 ; -----------------------------------------------------------------------
                      00190 ;               Registers config
                      00191 ; -----------------------------------------------------------------------
                      00192 
                      00193 MAIN_PROG CODE                   
                      00194 
0000                  00195 MAIN_PROGRAM_CONFIG:
                      00196 
                      00197 
                      00198 
0000   1683           00199     bsf         STATUS,RP0     
                      00200 
0001   178B           00201     bsf         INTCON,GIE      ; global interrupts enable
0002   170B           00202     bsf         INTCON,PEIE
                      00203 
Message[302]: Register in operand not in bank 0.  Ensure that bank bits are correct.
0003   140C           00204     bsf         PIE1, TMR1IE    ; Timer1 overflow interrupt enable
Message[302]: Register in operand not in bank 0.  Ensure that bank bits are correct.
0004   148C           00205     bsf         PIE1, TMR2IE    ; Timer2 overflow interrupt enable
                      00206 
                      00207 ; PORT B
0005   301F           00208     movlw               b'00011111'
Message[302]: Register in operand not in bank 0.  Ensure that bank bits are correct.
0006   0086           00209     movwf       TRISB           ; RB0, RB1, RB2, RB3, RB4 - входы, кнопки
                      00210 
                      00211 ; PORT C
0007   3080           00212     movlw               b'10000000'
Message[302]: Register in operand not in bank 0.  Ensure that bank bits are correct.
0008   0087           00213     movwf       TRISC           ; RC7 - in - Rx, RC6 - out - Tx,  
                      00214                                                                 ; RC1 and RC2 - PWM out
                      00215 
                      00216 ; PORT D 
Message[302]: Register in operand not in bank 0.  Ensure that bank bits are correct.
0009   0188           00217     clrf        TRISD           ; Make PortD all output
                      00218    
                      00219 ; PWM config
000A   3065           00220     movlw               0x65                    ; PWM frequency 0,6 √ц
Message[302]: Register in operand not in bank 0.  Ensure that bank bits are correct.
000B   0092           00221     movwf               PR2
                      00222 
                      00223 ; Outputs
000C   1703           00224     bsf                 STATUS,RP1              ; 
Message[302]: Register in operand not in bank 0.  Ensure that bank bits are correct.
000D   0189           00225     clrf                ANSELH          ; all the inputs are digital
MPASM  5.51                           LED.ASM   8-31-2020  21:36:22         PAGE  6


LOC  OBJECT CODE     LINE SOURCE TEXT
  VALUE

                      00226  
000E   1283           00227     bcf                 STATUS,RP0              ; 
                      00228     
Message[302]: Register in operand not in bank 0.  Ensure that bank bits are correct.
000F   1387           00229     bcf         CM1CON0,C1ON    ; disable comparators
Message[302]: Register in operand not in bank 0.  Ensure that bank bits are correct.
0010   1388           00230     bcf         CM2CON0,C2ON
                      00231 
0011   1303           00232     bcf                 STATUS,RP1
                      00233  
                      00234     ; remove 'trash' data from port output
0012   0185           00235     clrf        PORTA
0013   0186           00236     clrf        PORTB
0014   0187           00237     clrf        PORTC
0015   0188           00238     clrf        PORTD
                      00239 
                      00240 ; PWM config
0016   019D           00241         clrf            CCP2CON                 ; PWM off 
0017   0197           00242         clrf            CCP1CON                 ; PWM off
0018   0191           00243         clrf            TMR2                    ; 
0019   019B           00244         clrf            CCPR2L                  ; duty = 0
001A   0195           00245         clrf            CCPR1L                  ; duty = 0
                      00246                   
001B   108C           00247         bcf                     PIR1,TMR2IF             ; timer2 interrupt on
                      00248         
001C   0192           00249         clrf            T2CON             
001D   1492           00250         bsf                     T2CON,T2CKPS1   ; prescaler = 16
001E   1512           00251         bsf                     T2CON,TMR2ON    ; activate timer
                      00252 
                      00253 ; Set default values
                      00254 
001F   3030           00255     movlw               b'00110000'     ; Timer1 config
0020   0090           00256         movwf           T1CON           ; Timer1 prescaler 1:8 and on
                      00257 
                      00258 
0021   2???           00259     call        TURN_OFF
                      00260 
0022   3092           00261     movlw       b'10010010'
0023   00A9           00262     movwf       Pattern0
                      00263 
0024   308F           00264     movlw       b'10001111'
0025   00AC           00265     movwf       Delay0
                      00266 
0026   3001           00267     movlw       PatternMaskInitial
0027   00AF           00268     movwf       PatternMask
0028   100C           00269         bcf                 PIR1,TMR1IF         ; timer1 interrupt on
                      00270 
                      00271 ; -----------------------------------------------------------------------
                      00272 ;               Main program routine
                      00273 ; -----------------------------------------------------------------------
                      00274  
0029                  00275 MAIN_PROGRAM_LOOP:
                      00276 
MPASM  5.51                           LED.ASM   8-31-2020  21:36:22         PAGE  7


LOC  OBJECT CODE     LINE SOURCE TEXT
  VALUE

                      00277     ;debug
0029   0821           00278     movf        CurrentMode,w
002A   0088           00279     movwf       PORTD               ; 
                      00280     ;debug
                      00281 
                      00282 
                      00283 
                      00284 ; Button debounce and push time count
002B                  00285 CHECK_BUTTON:
                      00286 
                      00287     
002B   01A7           00288     clrf        ShortPushCounterNumber      ; Number of time periods when button was pushed and which co
                            unts as a short human push
                      00289 
002C   3007           00290     movlw       OneShortHumanPushCounterMAX
002D   00A6           00291     movwf       ShortPushCounter
                      00292 
002E                  00293 LookForOneStableState:
002E   300A           00294         movlw           StableStateCounterMAX           ; we need to see this many stable 'button is pre
                            ssed' states for debounce
002F   00A4           00295         movwf           StableStateCounter
0030   01A5           00296     clrf        ButtonPushCounterTMP
                      00297 
0031                  00298 ButtonDebounce:         
0031   0103           00299     clrw                                    ; 
0032   1C06           00300     btfss       PORTB,0                     ; wait for switch to go low
0033   0A25           00301     incf        ButtonPushCounterTMP,w      ; if it's low, bump the stable state counter
0034   00A5           00302     movwf       ButtonPushCounterTMP        ; 
                      00303 
0035   2???           00304     call                DELAY_1mS                   ; wait before next stable state check
                      00305 
0036   0BA4           00306         decfsz          StableStateCounter,f        ; try it again
0037   2???           00307         goto            ButtonDebounce
                      00308 
0038   0825           00309         movf        ButtonPushCounterTMP,w      ; have we seen some stable state in a row?
0039   3A0A           00310     xorlw       StableStateCounterMAX
003A   1D03           00311     btfss       STATUS,Z     
003B   2???           00312         goto            ButtonNotPushed
                      00313 
003C                  00314 ButtonPushed:
                      00315     ; the way we count one Human 'button is pressed' state 
                      00316     ; we count all short Human pushes
003C   0BA6           00317     decfsz      ShortPushCounter,f
003D   2???           00318     goto        LookForOneStableState
                      00319 
003E   3007           00320     movlw       OneShortHumanPushCounterMAX
003F   00A6           00321     movwf       ShortPushCounter
                      00322 
0040   0AA7           00323     incf        ShortPushCounterNumber,f
                      00324 
0041   1803           00325     btfsc       STATUS,C
0042   03A7           00326     decf        ShortPushCounterNumber,f
0043   1003           00327     bcf         STATUS,C
MPASM  5.51                           LED.ASM   8-31-2020  21:36:22         PAGE  8


LOC  OBJECT CODE     LINE SOURCE TEXT
  VALUE

                      00328 
0044   2???           00329     goto        LookForOneStableState    
                      00330     
                      00331 
0045                  00332 ButtonNotPushed:
                      00333     ; also process state when vutton was pushed and released
                      00334     ; if it was not at all, ShortPushCounterNumber is 0x00
0045   0827           00335     movf        ShortPushCounterNumber,w 
0046   1903           00336     btfsc       STATUS,Z 
0047   2???           00337     goto        CHECK_BUTTON_END           
                      00338 
                      00339     ; proceed here if button was pushed and released
0048   30F8           00340     movlw       OneLongHumanPushCounter        
0049   0727           00341     addwf       ShortPushCounterNumber,w
                      00342 
004A   13A2           00343     bcf         ButtonState, IsLongPush                 ; Test for Long push 
004B   1803           00344     btfsc       STATUS,C
004C   17A2           00345     bsf         ButtonState, IsLongPush            
                      00346 
004D   305F           00347     movlw       UserCommandSelectionDelay               ; Reset user choise time counter - delay before 
                            choise is processed
004E   00A8           00348     movwf       UserCommandSelectionCounter
                      00349 
Message[305]: Using default destination of 1 (file).
004F   0AA2           00350     incf        ButtonState
                      00351     ;movfw       ButtonState
                      00352     
                      00353     ;debug
                      00354     ;movwf       PORTD  
                      00355 
0050                  00356 CHECK_BUTTON_END:
                      00357 
                      00358 
                      00359     ; next step is to decode user command
0050                  00360 USER_CHOISE_SELECTION:
                      00361 
                      00362     ; delay for user to make a mode choise
Message[305]: Using default destination of 1 (file).
0050   03A8           00363     decf        UserCommandSelectionCounter   
                      00364 
                      00365     ; check if current mode is selected
0051   1BA1           00366     btfsc       CurrentMode,Selected
0052   2???           00367     goto        CheckLongPush
                      00368 
0053   0821           00369     movf        CurrentMode,w 
0054   1903           00370     btfsc       STATUS,Z                    ; 
0055   2???           00371     goto        CheckLongPush
                      00372         
0056   0828           00373     movf        UserCommandSelectionCounter,w
0057   1903           00374     btfsc       STATUS,Z
0058   17A1           00375     bsf         CurrentMode,Selected
                      00376 
0059                  00377 CheckLongPush:
MPASM  5.51                           LED.ASM   8-31-2020  21:36:22         PAGE  9


LOC  OBJECT CODE     LINE SOURCE TEXT
  VALUE

                      00378     ; long push must be processed despite UserCommandSelectionCounter
0059   1FA2           00379     btfss       ButtonState, IsLongPush 
005A   2???           00380     goto        UserShortPush                         ; not a long push
                      00381 
005B   0821           00382     movf        CurrentMode,w                         ; if CurrentMode 0x00 then turn on red light or SO
                            S(from power off)
005C   1903           00383     btfsc       STATUS,Z                              ; if 
005D   2???           00384     goto        TurnOnWithLongPush
                      00385 
005E                  00386 TurnOFF:
005E   2???           00387     call        TURN_OFF
                      00388 
005F   2???           00389     goto        USER_CHOISE_SELECTION_END
                      00390 
0060                  00391 TurnOnWithLongPush:
                      00392 
                      00393     ;RED_ON                      EQU b'00000011'
                      00394     ;SOS_ON                      EQU b'00000100'
                      00395 
                      00396     if ( WithRedLight )             ; either red light or SOS on long push from OFF state
                      00397         movlw   RED_ON
                      00398     else
0060   3003           00399         movlw   SOS_ON
                      00400     endif
                      00401  
0061   00A1           00402     movwf       CurrentMode
                      00403 
0062   01A2           00404     clrf        ButtonState                  ; processed - Mode changed
                      00405 
0063   17A1           00406     bsf         CurrentMode,Selected
                      00407 
0064   302C           00408         movlw           b'00101100'             ;
0065   0097           00409         movwf           CCP1CON                 ; activate PWM 
                      00410 
                      00411     ; if it is SOS -then max brightness
                      00412     if ( WithRedLight )             ; either red light or SOS on long push from OFF state
                      00413         movlw   0x01
                      00414     else
0066   3006           00415         movlw   0x06
                      00416     endif
                      00417 
0067   2???           00418     call        SET_PWM_by_lookupTable        ;  
0068   0095           00419     movwf       CCPR1L                        ; 
                      00420 
0069   18A1           00421     btfsc       CurrentMode,1      ; Enable Timer1 for LED in SOS or Strobe mode
006A   1410           00422     bsf         T1CON,TMR1ON
                      00423 
                      00424     ;debug
                      00425     ;movwf       PORTD                        ; 
                      00426     ;debug
                      00427 
006B   2???           00428     goto        USER_CHOISE_SELECTION_END
                      00429 
MPASM  5.51                           LED.ASM   8-31-2020  21:36:22         PAGE 10


LOC  OBJECT CODE     LINE SOURCE TEXT
  VALUE

006C                  00430 UserShortPush:
                      00431     ; process short counts
006C   0822           00432     movf        ButtonState,w 
006D   1903           00433     btfsc       STATUS,Z                    ; if ButtonState is 0x00 then no action
006E   2???           00434     goto        USER_CHOISE_SELECTION_END    
                      00435 
006F   01A2           00436     clrf        ButtonState                 ; processed - Mode changed
                      00437     
0070   1BA1           00438     btfsc       CurrentMode,Selected         
0071   2???           00439     goto        BRIGHTNESS_OR_PATTERN_CHANGE
                      00440 
Message[305]: Using default destination of 1 (file).
0072   0AA1           00441     incf        CurrentMode                 ; select next mode
                      00442 
                      00443     ;OFF_MODE                    EQU b'00000000'
                      00444     ;LIGHT_ON                    EQU b'00000001'
                      00445     ;STROBE_ON                   EQU b'00000010'
                      00446     ;SOS_ON                      EQU b'00000011'
                      00447     ;RED_ON                      EQU b'00000100'
                      00448 
0073   0821           00449     movf        CurrentMode,w
                      00450 
                      00451     if ( WithRedLight )             ; check if user wants to Turn OFF
                      00452        xorlw    b'00000101'
                      00453     else
0074   3A04           00454        xorlw    b'00000100' 
                      00455     endif
                      00456 
0075   1903           00457     btfsc       STATUS,Z           ; Choise menu is cyclic - after last position turn OFF
0076   2???           00458     goto        TurnOFF
                      00459     
0077   18A1           00460     btfsc       CurrentMode,1      ; Enable Timer1 for LED in SOS or Strobe mode
0078   1410           00461     bsf         T1CON,TMR1ON
                      00462 
0079   18A1           00463     btfsc       CurrentMode,1      ; do not turn LED in SOS or Strobe mode - it should happen in ISR
007A   2???           00464     goto        USER_CHOISE_SELECTION_END 
                      00465 
                      00466 
007B   302C           00467         movlw           b'00101100'             ;
007C   0097           00468         movwf           CCP1CON                 ; activate PWM 
                      00469 
007D   3001           00470     movlw       0x01
007E   2???           00471     call        SET_PWM_by_lookupTable        ;  
007F   0095           00472     movwf       CCPR1L                        ; 
                      00473 
                      00474 
0080                  00475 USER_CHOISE_SELECTION_END:
                      00476 
                      00477 
0080   2???           00478     goto        MAIN_PROGRAM_LOOP
                      00479 
                      00480 
0081                  00481 BRIGHTNESS_OR_PATTERN_CHANGE:
MPASM  5.51                           LED.ASM   8-31-2020  21:36:22         PAGE 11


LOC  OBJECT CODE     LINE SOURCE TEXT
  VALUE

                      00482     ; button has been pushed while mode is already selected
                      00483     ; change mode settings
                      00484 
                      00485     ; make no change for red led
                      00486 
Message[305]: Using default destination of 1 (file).
0081   0AA0           00487     incf        BightnessSelection
0082   0820           00488     movf        BightnessSelection,w
0083   3A07           00489     xorlw       0x07
                      00490 
0084   1903           00491     btfsc       STATUS,Z
0085   01A0           00492     clrf        BightnessSelection
                      00493 
0086   0820           00494     movfw       BightnessSelection            ; 
0087   2???           00495     call        SET_PWM_by_lookupTable        ; 
0088   0095           00496     movwf       CCPR1L                        ; 
                      00497 
                      00498     ;debug
                      00499 ;    movwf       PORTD                        ; 
                      00500 
                      00501 ;    btfss       CurrentMode, 4
                      00502 ;    goto        $+3
                      00503 ;    bcf         CurrentMode, 4
                      00504 ;    goto        $+2
                      00505 ;    bsf         CurrentMode, 4
                      00506 ;    nop
                      00507     ;debug
                      00508 
                      00509      ;retlw     b'00000110'             ; 0
                      00510      ;retlw     b'00001110'             ; 1
                      00511      ;retlw     b'00010110'             ; 2
                      00512      ;retlw     b'00100110'             ; 3
                      00513      ;retlw     b'10000110'             ; 4
                      00514      ;retlw     b'10011110'             ; 5
                      00515      ;retlw     b'11000110'             ; 6
                      00516 
                      00517 
0089                  00518 BRIGHTNESS_OR_PATTERN_CHANGE_END
                      00519 
0089   2???           00520     goto        MAIN_PROGRAM_LOOP
                      00521 
                      00522 
                      00523 
                      00524 ; -----------------------------------------------------------------------
                      00525 ; *             Subroutines
                      00526 ; -----------------------------------------------------------------------
                      00527 
                      00528 
008A                  00529 TURN_OFF:
008A   01A1           00530     clrf      CurrentMode                   ;
008B   01A2           00531     clrf      ButtonState                   ;
008C   01A3           00532     clrf      StrobeMode                    ;
008D   01A0           00533     clrf      BightnessSelection            ; 
MPASM  5.51                           LED.ASM   8-31-2020  21:36:22         PAGE 12


LOC  OBJECT CODE     LINE SOURCE TEXT
  VALUE

008E   01A8           00534     clrf      UserCommandSelectionCounter   ;
                      00535 
                      00536     ;set least brightness available
008F   0103           00537     clrw                                    ;
0090   0195           00538     clrf        CCPR1L                        ; 
                      00539 
0091   019D           00540         clrf            CCP2CON                 ; PWM off 
0092   0197           00541         clrf            CCP1CON                 ; PWM off
0093   0191           00542         clrf            TMR2                    ; 
0094   019B           00543         clrf            CCPR2L                  ; duty = 0
0095   0195           00544         clrf            CCPR1L                  ; duty = 0
                      00545                   
0096   0187           00546     clrf        PORTC           ; when PWM is off it can turn LED on as digital out
                      00547 
0097   1010           00548         bcf         T1CON,TMR1ON
                      00549     ;debug
0098   0188           00550     clrf        PORTD
                      00551     ;debug
                      00552     
                      00553 
0099   0008           00554     return
                      00555 
                      00556 
                      00557 ; *******************************************************************
                      00558 ; *             Delay  1ms
                      00559 ; *******************************************************************
009A                  00560 DELAY_1mS:
009A   3047           00561      movlw     .71                 ; delay ~1000uS
009B   00B3           00562      movwf     Delay
009C   0BB3           00563      decfsz    Delay,f             ; this loop does 215 cycles
009D   2???           00564      goto      $-1          
009E   0BB3           00565      decfsz    Delay,f             ; This loop does 786 cycles
009F   2???           00566      goto      $-1;
                      00567 ;DELAY_1mS - end
00A0   0008           00568     return
                      00569 
00A1   2???           00570      goto      MAIN_PROGRAM_LOOP
                      00571 
                      00572 
                      00573 ; *******************************************************************
                      00574 ; *             lightness in PWM %
                      00575 ; *******************************************************************
                      00576 
                      00577      org     0xf7                  ; force table to cross a 256 instruction boundary
00F7                  00578 SET_PWM_by_lookupTable:
00F7   3907           00579      andlw     0x07                ; mask off invalid entries
00F8   00B4           00580      movwf     temp
00F9   30??           00581      movlw     high TableStart     ; get high order part of the beginning of the table
00FA   008A           00582      movwf     PCLATH
00FB   30??           00583      movlw     low TableStart      ; load starting address of table
00FC   0734           00584      addwf     temp,w              ; add offset
00FD   1803           00585      btfsc     STATUS,C            ; did it overflow?
00FE   0A8A           00586      incf      PCLATH,f            ; yes: increment PCLATH
MPASM  5.51                           LED.ASM   8-31-2020  21:36:22         PAGE 13


LOC  OBJECT CODE     LINE SOURCE TEXT
  VALUE

00FF   0082           00587      movwf     PCL                 ; modify PCL
                      00588 
0100                  00589 TableStart:
0100   3406           00590      retlw     b'00000110'             ; 0
0101   340E           00591      retlw     b'00001110'             ; 1
0102   3416           00592      retlw     b'00010110'             ; 2
0103   3426           00593      retlw     b'00100110'             ; 3
0104   3486           00594      retlw     b'10000110'             ; 4
0105   349E           00595      retlw     b'10011110'             ; 5
0106   34C6           00596      retlw     b'11000110'             ; 6
                      00597 ; SET_PWM_by_lookupTable_END
                      00598 
                      00599      
                      00600 ; END CODE
20C4 3EFF             00601      end
MPASM  5.51                           LED.ASM   8-31-2020  21:36:22         PAGE 14


SYMBOL TABLE
  LABEL                             VALUE 

ABDEN                             00000000
ABDOVF                            00000007
ACKDT                             00000005
ACKEN                             00000004
ACKSTAT                           00000006
ADCON0                            0000001F
ADCON1                            0000009F
ADCS0                             00000006
ADCS1                             00000007
ADDEN                             00000003
ADFM                              00000007
ADIE                              00000006
ADIF                              00000006
ADON                              00000000
ADRESH                            0000001E
ADRESL                            0000009E
ANS0                              00000000
ANS1                              00000001
ANS10                             00000002
ANS11                             00000003
ANS12                             00000004
ANS13                             00000005
ANS2                              00000002
ANS3                              00000003
ANS4                              00000004
ANS5                              00000005
ANS6                              00000006
ANS7                              00000007
ANS8                              00000000
ANS9                              00000001
ANSEL                             00000188
ANSELH                            00000189
BAUDCTL                           00000187
BCLIE                             00000003
BCLIF                             00000003
BF                                00000000
BRG0                              00000000
BRG1                              00000001
BRG10                             00000002
BRG11                             00000003
BRG12                             00000004
BRG13                             00000005
BRG14                             00000006
BRG15                             00000007
BRG16                             00000003
BRG2                              00000002
BRG3                              00000003
BRG4                              00000004
BRG5                              00000005
BRG6                              00000006
BRG7                              00000007
BRG8                              00000000
BRG9                              00000001
MPASM  5.51                           LED.ASM   8-31-2020  21:36:22         PAGE 15


SYMBOL TABLE
  LABEL                             VALUE 

BRGH                              00000002
BRIGHTNESS_OR_PATTERN_CHANGE      00000081
BRIGHTNESS_OR_PATTERN_CHANGE_END  00000089
BightnessSelection                00000020
ButtonDebounce                    00000031
ButtonNotPushed                   00000045
ButtonPushCounterTMP              00000025
ButtonPushed                      0000003C
ButtonState                       00000022
C                                 00000000
C1CH0                             00000000
C1CH1                             00000001
C1IE                              00000005
C1IF                              00000005
C1OE                              00000005
C1ON                              00000007
C1OUT                             00000006
C1POL                             00000004
C1R                               00000002
C1RSEL                            00000005
C1SEN                             00000005
C2CH0                             00000000
C2CH1                             00000001
C2IE                              00000006
C2IF                              00000006
C2OE                              00000005
C2ON                              00000007
C2OUT                             00000006
C2POL                             00000004
C2R                               00000002
C2REN                             00000004
C2RSEL                            00000004
C2SYNC                            00000000
CCP1                              00000002
CCP1CON                           00000017
CCP1IE                            00000002
CCP1IF                            00000002
CCP1M0                            00000000
CCP1M1                            00000001
CCP1M2                            00000002
CCP1M3                            00000003
CCP1X                             00000005
CCP1Y                             00000004
CCP2CON                           0000001D
CCP2IE                            00000000
CCP2IF                            00000000
CCP2M0                            00000000
CCP2M1                            00000001
CCP2M2                            00000002
CCP2M3                            00000003
CCP2X                             00000005
CCP2Y                             00000004
CCPR1                             00000015
MPASM  5.51                           LED.ASM   8-31-2020  21:36:22         PAGE 16


SYMBOL TABLE
  LABEL                             VALUE 

CCPR1H                            00000016
CCPR1L                            00000015
CCPR2                             0000001B
CCPR2H                            0000001C
CCPR2L                            0000001B
CHECK_BUTTON                      0000002B
CHECK_BUTTON_END                  00000050
CHS0                              00000002
CHS1                              00000003
CHS2                              00000004
CHS3                              00000005
CKE                               00000006
CKP                               00000004
CM1CON0                           00000107
CM2CON0                           00000108
CM2CON1                           00000109
CREN                              00000004
CSRC                              00000007
CheckLongPush                     00000059
CurrentMode                       00000021
D                                 00000005
DATA_ADDRESS                      00000005
DC                                00000001
DC1B0                             00000004
DC1B1                             00000005
DC2B0                             00000004
DC2B1                             00000005
DELAY_1mS                         0000009A
D_A                               00000005
D_NOT_A                           00000005
Debug                             00000001
Delay                             00000033
Delay0                            0000002C
Delay1                            0000002D
Delay2                            0000002E
ECCPAS                            0000009C
ECCPAS0                           00000004
ECCPAS1                           00000005
ECCPAS2                           00000006
ECCPASE                           00000007
EEADR                             0000010D
EEADRH                            0000010F
EECON1                            0000018C
EECON2                            0000018D
EEDAT                             0000010C
EEDATA                            0000010C
EEDATH                            0000010E
EEIE                              00000004
EEIF                              00000004
EEPGD                             00000007
ExitISR                           00000029
F                                 00000001
FALSE                             00000000
MPASM  5.51                           LED.ASM   8-31-2020  21:36:22         PAGE 17


SYMBOL TABLE
  LABEL                             VALUE 

FERR                              00000002
FSR                               00000004
FVREN                             00000000
GCEN                              00000007
GIE                               00000007
GO                                00000001
GO_DONE                           00000001
GO_NOT_DONE                       00000001
HTS                               00000002
I2C_DATA                          00000005
I2C_READ                          00000002
I2C_START                         00000003
I2C_STOP                          00000004
INDF                              00000000
INTCON                            0000000B
INTE                              00000004
INTEDG                            00000006
INTF                              00000001
IOCB                              00000096
IOCB0                             00000000
IOCB1                             00000001
IOCB2                             00000002
IOCB3                             00000003
IOCB4                             00000004
IOCB5                             00000005
IOCB6                             00000006
IOCB7                             00000007
IRCF0                             00000004
IRCF1                             00000005
IRCF2                             00000006
IRP                               00000007
IsLongPush                        00000007
LIGHT_ON                          00000001
LTS                               00000001
LookForOneStableState             0000002E
MAIN_PROGRAM_CONFIG               00000000
MAIN_PROGRAM_LOOP                 00000029
MC1OUT                            00000007
MC2OUT                            00000006
MSK                               00000093
MSK0                              00000000
MSK1                              00000001
MSK2                              00000002
MSK3                              00000003
MSK4                              00000004
MSK5                              00000005
MSK6                              00000006
MSK7                              00000007
NOT_A                             00000005
NOT_ADDRESS                       00000005
NOT_BO                            00000000
NOT_BOR                           00000000
NOT_DONE                          00000001
MPASM  5.51                           LED.ASM   8-31-2020  21:36:22         PAGE 18


SYMBOL TABLE
  LABEL                             VALUE 

NOT_PD                            00000003
NOT_POR                           00000001
NOT_RBPU                          00000007
NOT_RC8                           00000006
NOT_T1SYNC                        00000002
NOT_TO                            00000004
NOT_TX8                           00000006
NOT_W                             00000002
NOT_WRITE                         00000002
OERR                              00000001
OFF_MODE                          00000000
OPTION_REG                        00000081
OSCCON                            0000008F
OSCTUNE                           00000090
OSFIE                             00000007
OSFIF                             00000007
OSTS                              00000003
OneLongHumanPushCounter           000000F8
OneShortHumanPushCounterMAX       00000007
P                                 00000004
P1M0                              00000006
P1M1                              00000007
PCL                               00000002
PCLATH                            0000000A
PCLATH_Save                       00000032
PCON                              0000008E
PDC0                              00000000
PDC1                              00000001
PDC2                              00000002
PDC3                              00000003
PDC4                              00000004
PDC5                              00000005
PDC6                              00000006
PEIE                              00000006
PEN                               00000002
PIE1                              0000008C
PIE2                              0000008D
PIR1                              0000000C
PIR2                              0000000D
PORTA                             00000005
PORTB                             00000006
PORTC                             00000007
PORTD                             00000008
PORTE                             00000009
PR2                               00000092
PRSEN                             00000007
PS0                               00000000
PS1                               00000001
PS2                               00000002
PSA                               00000003
PSSAC0                            00000002
PSSAC1                            00000003
PSSBD0                            00000000
MPASM  5.51                           LED.ASM   8-31-2020  21:36:22         PAGE 19


SYMBOL TABLE
  LABEL                             VALUE 

PSSBD1                            00000001
PSTRCON                           0000009D
PULSR                             00000002
PULSS                             00000003
PWM1CON                           0000009B
Pattern0                          00000029
Pattern1                          0000002A
Pattern2                          0000002B
PatternMask                       0000002F
PatternMaskInitial                00000001
Prepare_for_next_check            00000023
R                                 00000002
RA0                               00000000
RA1                               00000001
RA2                               00000002
RA3                               00000003
RA4                               00000004
RA5                               00000005
RA6                               00000006
RA7                               00000007
RB0                               00000000
RB1                               00000001
RB2                               00000002
RB3                               00000003
RB4                               00000004
RB5                               00000005
RB6                               00000006
RB7                               00000007
RBIE                              00000003
RBIF                              00000000
RC0                               00000000
RC1                               00000001
RC2                               00000002
RC3                               00000003
RC4                               00000004
RC5                               00000005
RC6                               00000006
RC7                               00000007
RC8_9                             00000006
RC9                               00000006
RCD8                              00000000
RCEN                              00000003
RCIDL                             00000006
RCIE                              00000005
RCIF                              00000005
RCREG                             0000001A
RCSTA                             00000018
RD                                00000000
RD0                               00000000
RD1                               00000001
RD2                               00000002
RD3                               00000003
RD4                               00000004
MPASM  5.51                           LED.ASM   8-31-2020  21:36:22         PAGE 20


SYMBOL TABLE
  LABEL                             VALUE 

RD5                               00000005
RD6                               00000006
RD7                               00000007
RE0                               00000000
RE1                               00000001
RE2                               00000002
RE3                               00000003
READ_WRITE                        00000002
RED_ON                            00000004
RP0                               00000005
RP1                               00000006
RSEN                              00000001
RX9                               00000006
RX9D                              00000000
R_NOT_W                           00000002
R_W                               00000002
S                                 00000003
SBOREN                            00000004
SCKP                              00000004
SCS                               00000000
SEN                               00000000
SENDB                             00000003
SET_PWM_by_lookupTable            000000F7
SMP                               00000007
SOS_ON                            00000003
SPBRG                             00000099
SPBRGH                            0000009A
SPEN                              00000007
SR0                               00000006
SR1                               00000007
SRCON                             00000185
SREN                              00000005
SSPADD                            00000093
SSPBUF                            00000013
SSPCON                            00000014
SSPCON2                           00000091
SSPEN                             00000005
SSPIE                             00000003
SSPIF                             00000003
SSPM0                             00000000
SSPM1                             00000001
SSPM2                             00000002
SSPM3                             00000003
SSPMSK                            00000093
SSPOV                             00000006
SSPSTAT                           00000094
STATUS                            00000003
STATUS_Save                       00000031
STRA                              00000000
STRB                              00000001
STRC                              00000002
STRD                              00000003
STROBE_ON                         00000002
MPASM  5.51                           LED.ASM   8-31-2020  21:36:22         PAGE 21


SYMBOL TABLE
  LABEL                             VALUE 

STROBE_SOS_Pattern                00000017
STRSYNC                           00000004
SWDTEN                            00000000
SYNC                              00000004
Selected                          00000007
ServiceTimer1                     00000014
ServiceTimer2                     0000000D
SetCurrentLEDStepOFF              0000001F
SetCurrentLEDStepON               00000021
ShortPushCounter                  00000026
ShortPushCounterNumber            00000027
StableStateCounter                00000024
StableStateCounterMAX             0000000A
StrobeMode                        00000023
T0CS                              00000005
T0IE                              00000005
T0IF                              00000002
T0SE                              00000004
T1CKPS0                           00000004
T1CKPS1                           00000005
T1CON                             00000010
T1GINV                            00000007
T1GIV                             00000007
T1GSS                             00000001
T1INSYNC                          00000002
T1OSCEN                           00000003
T1SYNC                            00000002
T2CKPS0                           00000000
T2CKPS1                           00000001
T2CON                             00000012
TMR0                              00000001
TMR0IE                            00000005
TMR0IF                            00000002
TMR1                              0000000E
TMR1CS                            00000001
TMR1GE                            00000006
TMR1H                             0000000F
TMR1IE                            00000000
TMR1IF                            00000000
TMR1L                             0000000E
TMR1ON                            00000000
TMR2                              00000011
TMR2IE                            00000001
TMR2IF                            00000001
TMR2ON                            00000002
TOUTPS0                           00000003
TOUTPS1                           00000004
TOUTPS2                           00000005
TOUTPS3                           00000006
TRISA                             00000085
TRISA0                            00000000
TRISA1                            00000001
TRISA2                            00000002
MPASM  5.51                           LED.ASM   8-31-2020  21:36:22         PAGE 22


SYMBOL TABLE
  LABEL                             VALUE 

TRISA3                            00000003
TRISA4                            00000004
TRISA5                            00000005
TRISA6                            00000006
TRISA7                            00000007
TRISB                             00000086
TRISB0                            00000000
TRISB1                            00000001
TRISB2                            00000002
TRISB3                            00000003
TRISB4                            00000004
TRISB5                            00000005
TRISB6                            00000006
TRISB7                            00000007
TRISC                             00000087
TRISC0                            00000000
TRISC1                            00000001
TRISC2                            00000002
TRISC3                            00000003
TRISC4                            00000004
TRISC5                            00000005
TRISC6                            00000006
TRISC7                            00000007
TRISD                             00000088
TRISD0                            00000000
TRISD1                            00000001
TRISD2                            00000002
TRISD3                            00000003
TRISD4                            00000004
TRISD5                            00000005
TRISD6                            00000006
TRISD7                            00000007
TRISE                             00000089
TRISE0                            00000000
TRISE1                            00000001
TRISE2                            00000002
TRISE3                            00000003
TRMT                              00000001
TRUE                              00000001
TUN0                              00000000
TUN1                              00000001
TUN2                              00000002
TUN3                              00000003
TUN4                              00000004
TURN_OFF                          0000008A
TX8_9                             00000006
TX9                               00000006
TX9D                              00000000
TXD8                              00000000
TXEN                              00000005
TXIE                              00000004
TXIF                              00000004
TXREG                             00000019
MPASM  5.51                           LED.ASM   8-31-2020  21:36:22         PAGE 23


SYMBOL TABLE
  LABEL                             VALUE 

TXSTA                             00000098
TableStart                        00000100
TurnOFF                           0000005E
TurnOnWithLongPush                00000060
UA                                00000001
ULPWUE                            00000005
ULPWUIE                           00000002
ULPWUIF                           00000002
USER_CHOISE_SELECTION             00000050
USER_CHOISE_SELECTION_END         00000080
UserCommandSelectionCounter       00000028
UserCommandSelectionDelay         0000005F
UserShortPush                     0000006C
VCFG0                             00000004
VCFG1                             00000005
VR0                               00000000
VR1                               00000001
VR2                               00000002
VR3                               00000003
VRCON                             00000097
VREN                              00000007
VROE                              00000006
VRR                               00000005
VRSS                              00000004
W                                 00000000
WCOL                              00000007
WDTCON                            00000105
WDTPS0                            00000001
WDTPS1                            00000002
WDTPS2                            00000003
WDTPS3                            00000004
WPUB                              00000095
WPUB0                             00000000
WPUB1                             00000001
WPUB2                             00000002
WPUB3                             00000003
WPUB4                             00000004
WPUB5                             00000005
WPUB6                             00000006
WPUB7                             00000007
WR                                00000001
WREN                              00000002
WRERR                             00000003
WUE                               00000001
W_Save                            00000030
WithRedLight                      00000000
Z                                 00000002
_BOR21V                           00003EFF
_BOR40V                           00003FFF
_BOR4V_BOR21V                     00003EFF
_BOR4V_BOR40V                     00003FFF
_BOREN_NSLEEP                     00003EFF
_BOREN_OFF                        00003CFF
MPASM  5.51                           LED.ASM   8-31-2020  21:36:22         PAGE 24


SYMBOL TABLE
  LABEL                             VALUE 

_BOREN_ON                         00003FFF
_BOREN_SBODEN                     00003DFF
_BOR_NSLEEP                       00003EFF
_BOR_OFF                          00003CFF
_BOR_ON                           00003FFF
_BOR_SBODEN                       00003DFF
_CONFIG1                          00002007
_CONFIG2                          00002008
_CPD_OFF                          00003FFF
_CPD_ON                           00003F7F
_CP_OFF                           00003FFF
_CP_ON                            00003FBF
_DEBUG_OFF                        00003FFF
_DEBUG_ON                         00001FFF
_DEVID1                           00002006
_EC_OSC                           00003FFB
_EXTRC                            00003FFF
_EXTRCIO                          00003FFE
_EXTRC_OSC_CLKOUT                 00003FFF
_EXTRC_OSC_NOCLKOUT               00003FFE
_FCMEN_OFF                        000037FF
_FCMEN_ON                         00003FFF
_FOSC_EC                          00003FFB
_FOSC_EXTRC_CLKOUT                00003FFF
_FOSC_EXTRC_NOCLKOUT              00003FFE
_FOSC_HS                          00003FFA
_FOSC_INTRC_CLKOUT                00003FFD
_FOSC_INTRC_NOCLKOUT              00003FFC
_FOSC_LP                          00003FF8
_FOSC_XT                          00003FF9
_HS_OSC                           00003FFA
_IDLOC0                           00002000
_IDLOC1                           00002001
_IDLOC2                           00002002
_IDLOC3                           00002003
_IESO_OFF                         00003BFF
_IESO_ON                          00003FFF
_INTOSC                           00003FFD
_INTOSCIO                         00003FFC
_INTRC_OSC_CLKOUT                 00003FFD
_INTRC_OSC_NOCLKOUT               00003FFC
_ISR_0025                         00000025
_LP_OSC                           00003FF8
_LVP_OFF                          00002FFF
_LVP_ON                           00003FFF
_MAIN_PROG_009D                   0000009D
_MAIN_PROG_009F                   0000009F
_MCLRE_OFF                        00003FDF
_MCLRE_ON                         00003FFF
_PWRTE_OFF                        00003FFF
_PWRTE_ON                         00003FEF
_WDTE_OFF                         00003FF7
_WDTE_ON                          00003FFF
MPASM  5.51                           LED.ASM   8-31-2020  21:36:22         PAGE 25


SYMBOL TABLE
  LABEL                             VALUE 

_WDT_OFF                          00003FF7
_WDT_ON                           00003FFF
_WRT_1FOURTH                      00003BFF
_WRT_256                          00003DFF
_WRT_HALF                         000039FF
_WRT_OFF                          00003FFF
_XT_OSC                           00003FF9
__16F887                          00000001
__DEBUG                           1
temp                              00000034

Errors   :     0
Warnings :    21 reported,     0 suppressed
Messages :    13 reported,     0 suppressed

