MPASM  5.51                           LED.ASM   8-28-2020  16:49:24         PAGE  1


LOC  OBJECT CODE     LINE SOURCE TEXT
  VALUE

                      00001 #include <p16F887.inc>
                      00001         LIST
                      00002 
                      00003 ;==========================================================================
                      00004 ;  MPASM PIC16F887 processor include
                      00005 ; 
                      00006 ;  (c) Copyright 1999-2013 Microchip Technology, All rights reserved
                      00007 ;==========================================================================
                      00008 
                      00809         LIST
Warning[205]: Found directive in column 1. (__CONFIG)
2007   20C4           00002 __CONFIG    _CONFIG1, _LVP_OFF & _FCMEN_OFF & _IESO_OFF & _BOR_OFF & _CPD_OFF & _CP_OFF & _MCLRE_OFF & _
                            PWRTE_ON & _WDT_OFF & _INTRC_OSC_NOCLKOUT
                      00003 ;__CONFIG    _CONFIG1,  _LVP_OFF &_FCMEN_OFF & _IESO_OFF & _BOR_OFF & _CPD_OFF & _CP_OFF & _PWRTE_ON & _
                            WDT_OFF & _INTRC_OSC_NOCLKOUT
                      00004 
Warning[205]: Found directive in column 1. (__CONFIG)
2008   3EFF           00005 __CONFIG    _CONFIG2, _WRT_OFF & _BOR21V
                      00006 
                      00007 ; Define const
Warning[207]: Found label after column 1. (CCP1)
  00000002            00008     CCP1                        EQU 2           ; RC2
Warning[207]: Found label after column 1. (IsLongPush)
  00000007            00009     IsLongPush                  EQU 7           ; 7th bit of ButtonState
Warning[207]: Found label after column 1. (Selected)
  00000007            00010     Selected                    EQU 7           ; 7th bit of CurrentMode
Warning[207]: Found label after column 1. (StableStateCounterMAX)
  0000000A            00011     StableStateCounterMAX       EQU 0x0A        ; For button debounce - count state in a row
Warning[207]: Found label after column 1. (OneShortHumanPushCounterMAX)
  00000008            00012     OneShortHumanPushCounterMAX EQU 0x08        ; Count state to get one Human button push
Warning[207]: Found label after column 1. (OneLongHumanPushCounter)
  000000F8            00013     OneLongHumanPushCounter     EQU 0xF8        ; Add to counter to get Carry bit for a long Human push
Warning[207]: Found label after column 1. (UserCommandSelectionDelay)
  0000002F            00014     UserCommandSelectionDelay   EQU 0x2F        ; Wait this number of counts to give user time for chois
                            e
                      00015 
Warning[207]: Found label after column 1. (FALSE)
  00000000            00016     FALSE                           EQU 0
Warning[207]: Found label after column 1. (TRUE)
  00000001            00017     TRUE                            EQU 1
                      00018 
Warning[207]: Found label after column 1. (OFF_MODE)
  00000000            00019     OFF_MODE                    EQU b'00000000'
Warning[207]: Found label after column 1. (LIGHT_ON)
  00000001            00020     LIGHT_ON                    EQU b'00000001'
Warning[207]: Found label after column 1. (STROBE_ON)
  00000002            00021     STROBE_ON                   EQU b'00000010'
Warning[207]: Found label after column 1. (SOS_ON)
  00000003            00022     SOS_ON                      EQU b'00000011'
Warning[207]: Found label after column 1. (RED_ON)
  00000004            00023     RED_ON                      EQU b'00000100'
                      00024 
                      00025 
MPASM  5.51                           LED.ASM   8-28-2020  16:49:24         PAGE  2


LOC  OBJECT CODE     LINE SOURCE TEXT
  VALUE

Warning[207]: Found label after column 1. (Debug)
  00000001            00026     Debug                       EQU TRUE
                      00027     ;Debug                       EQU FALSE
                      00028 
Warning[207]: Found label after column 1. (WithRedLight)
  00000000            00029     WithRedLight                EQU FALSE
                      00030     ;WithRedLight                EQU TRUE
                      00031 
                      00032 
Warning[205]: Found directive in column 1. (cblock)
                      00033 cblock 0x20
                      00034 
  00000020            00035     BightnessSelection               ; Current LED brightness
  00000021            00036     CurrentMode             ;
  00000022            00037     ButtonState             ;
  00000023            00038     StrobeMode              ;
                      00039 
                      00040     ; button debounce
  00000024            00041     StableStateCounter
  00000025            00042     ButtonPushCounterTMP
  00000026            00043     ShortPushCounter        ; count of debounced pushes to be a Short human button push
  00000027            00044     ShortPushCounterNumber  ; count Number of a Short human button pushes
  00000028            00045     UserCommandSelectionCounter 
                      00046    
                      00047     ; Interrupr service
  00000029            00048         W_Save
  0000002A            00049         STATUS_Save
  0000002B            00050     PCLATH_Save
                      00051 
                      00052     ; Other
  0000002C            00053     Delay               ; 
                      00054 
  0000002D            00055     temp
                      00056 
Warning[205]: Found directive in column 1. (ENDC)
                      00057 endc
                      00058      
                      00059 
                      00060 ;===============================================================================
                      00061 ; executable CODE goes here
                      00062 ;===============================================================================
                      00063 RES_VECT  CODE    0x0000            ; processor reset vector
0000   2???           00064     GOTO    MAIN_PROGRAM_CONFIG     ; go to beginning of program
                      00065 
                      00066 
                      00067 ; -----------------------------------------------------------------------
                      00068 ; *             Interrupts
                      00069 ; -----------------------------------------------------------------------
                      00070 
                      00071 ISR       CODE    0x0004            ; Interrupts
                      00072 
0004   00A9           00073     movwf       W_Save          ; Save context
0005   0803           00074     movf        STATUS,w
MPASM  5.51                           LED.ASM   8-28-2020  16:49:24         PAGE  3


LOC  OBJECT CODE     LINE SOURCE TEXT
  VALUE

0006   00AA           00075     movwf       STATUS_Save
0007   080A           00076     movf        PCLATH,w
0008   00AB           00077     movwf       PCLATH_Save
                      00078 
                      00079 
0009   1283           00080     bcf         STATUS,RP0              
                      00081 
                      00082 ; PWM
000A   188C           00083         btfsc           PIR1,TMR2IF                 ; PWM timer overflow
000B   2???           00084     goto        ServiceTimer2
000C   2???           00085     goto        ExitISR
                      00086 
000D                  00087 ServiceTimer2:
                      00088 
000D   0820           00089     movfw       BightnessSelection            ; 
000E   2???           00090     call        SET_PWM_by_lookupTable        ; 
000F   0095           00091     movwf       CCPR1L                        ; 
                      00092 
0010   108C           00093         bcf                     PIR1,TMR2IF                 ; 
                      00094 
                      00095 ;PWM - end
                      00096 
0011                  00097 ExitISR
0011   082A           00098     movf        STATUS_Save,w         ; Restore context
0012   0083           00099     movwf       STATUS
0013   082B           00100     movf        PCLATH_Save,w       
0014   008A           00101     movwf       PCLATH
                      00102  
0015   0EA9           00103     swapf       W_Save,f              ; swapf doesn't affect Status bits, but MOVF would
0016   0E29           00104     swapf       W_Save,w
                      00105 
                      00106 
0017   0009           00107     retfie
                      00108 
                      00109 ; -----------------------------------------------------------------------
                      00110 ;               Registers config
                      00111 ; -----------------------------------------------------------------------
                      00112 
                      00113 MAIN_PROG CODE                   
                      00114 
0000                  00115 MAIN_PROGRAM_CONFIG:
                      00116 
0000   1683           00117     bsf         STATUS,RP0     
                      00118 
Message[302]: Register in operand not in bank 0.  Ensure that bank bits are correct.
0001   140C           00119     bsf         PIE1, TMR1IF    ; TMR1 overflow interrupt
Message[302]: Register in operand not in bank 0.  Ensure that bank bits are correct.
0002   148C           00120     bsf         PIE1, TMR2IF    ; TMR2 overflow interrupt
                      00121 
                      00122 ; PORT B
0003   301F           00123     movlw               b'00011111'
Message[302]: Register in operand not in bank 0.  Ensure that bank bits are correct.
0004   0086           00124     movwf       TRISB           ; RB0, RB1, RB2, RB3, RB4 - входы, кнопки
MPASM  5.51                           LED.ASM   8-28-2020  16:49:24         PAGE  4


LOC  OBJECT CODE     LINE SOURCE TEXT
  VALUE

                      00125 
                      00126 ; PORT C
0005   3080           00127     movlw               b'10000000'
Message[302]: Register in operand not in bank 0.  Ensure that bank bits are correct.
0006   0087           00128     movwf       TRISC           ; RC7 - in - Rx, RC6 - out - Tx,  
                      00129                                                                 ; RC1 and RC2 - PWM out
                      00130 
                      00131 ; PORT D 
Message[302]: Register in operand not in bank 0.  Ensure that bank bits are correct.
0007   0188           00132     clrf        TRISD           ; Make PortD all output
                      00133 
                      00134 ; Timer0 config
0008   3004           00135     movlw               b'00000100'      
Message[302]: Register in operand not in bank 0.  Ensure that bank bits are correct.
0009   0081           00136         movwf           OPTION_REG      ; Timer0 prescaler 1:32
                      00137 
                      00138 ; PWM config
000A   3065           00139     movlw               0x65                    ; PWM frequency 0,6 √ц
Message[302]: Register in operand not in bank 0.  Ensure that bank bits are correct.
000B   0092           00140     movwf               PR2
                      00141 
                      00142 ; Outputs
000C   1703           00143     bsf                 STATUS,RP1              ; 
Message[302]: Register in operand not in bank 0.  Ensure that bank bits are correct.
000D   0189           00144     clrf                ANSELH          ; all the inputs are digital
                      00145 
000E   1283           00146     bcf                 STATUS,RP0              ; 
000F   1303           00147     bcf                 STATUS,RP1
                      00148 
                      00149 ; PWM config
0010   019D           00150         clrf            CCP2CON                 ; PWM off 
0011   0197           00151         clrf            CCP1CON                 ; PWM off
0012   0191           00152         clrf            TMR2                    ; 
0013   019B           00153         clrf            CCPR2L                  ; duty = 0
0014   0195           00154         clrf            CCPR1L                  ; duty = 0
                      00155 
0015   302C           00156         movlw           b'00101100'             ;
0016   0097           00157         movwf           CCP1CON                 ; activate PWM 
                      00158                   
0017   108C           00159         bcf                     PIR1,TMR2IF             ; timer interrupts on
                      00160         
0018   0192           00161         clrf            T2CON             
0019   1492           00162         bsf                     T2CON,T2CKPS1   ; prescaler = 16
001A   1512           00163         bsf                     T2CON,TMR2ON    ; activate timer
                      00164 
                      00165 
                      00166 ; Set default values
001B   1283           00167     bcf       STATUS,RP0          ; address Register Bank 0
001C   1303           00168     bcf       STATUS,RP1
                      00169 
001D   0188           00170     clrf      PORTD                         ; init LEDs to all off  
001E   2???           00171     call        TURN_OFF
                      00172 
MPASM  5.51                           LED.ASM   8-28-2020  16:49:24         PAGE  5


LOC  OBJECT CODE     LINE SOURCE TEXT
  VALUE

                      00173 
                      00174 ; -----------------------------------------------------------------------
                      00175 ;               Main program routine
                      00176 ; -----------------------------------------------------------------------
                      00177  
001F                  00178 MAIN_PROGRAM_LOOP:
                      00179 
                      00180 ; Button debounce and push time count
001F                  00181 CHECK_BUTTON:
                      00182 
                      00183     
001F   01A7           00184     clrf        ShortPushCounterNumber      ; Number of time periods when button was pushed and which co
                            unts as a short human push
                      00185 
0020   3008           00186     movlw       OneShortHumanPushCounterMAX
0021   00A6           00187     movwf       ShortPushCounter
                      00188 
0022                  00189 LookForOneStableState:
0022   300A           00190         movlw           StableStateCounterMAX           ; we need to see this many stable 'button is pre
                            ssed' states for debounce
0023   00A4           00191         movwf           StableStateCounter
0024   01A5           00192     clrf        ButtonPushCounterTMP
                      00193 
0025                  00194 ButtonDebounce:         
0025   0103           00195     clrw                                    ; 
0026   1C06           00196     btfss       PORTB,0                     ; wait for switch to go low
0027   0A25           00197     incf        ButtonPushCounterTMP,w      ; if it's low, bump the stable state counter
0028   00A5           00198     movwf       ButtonPushCounterTMP        ; 
                      00199 
0029   2???           00200     call                DELAY_1mS                   ; wait before next stable state check
                      00201 
002A   0BA4           00202         decfsz          StableStateCounter,f        ; try it again
002B   2???           00203         goto            ButtonDebounce
                      00204 
002C   0825           00205         movf        ButtonPushCounterTMP,w      ; have we seen some stable state in a row?
002D   3A0A           00206     xorlw       StableStateCounterMAX
002E   1D03           00207     btfss       STATUS,Z     
002F   2???           00208         goto            ButtonNotPushed
                      00209 
0030                  00210 ButtonPushed:
                      00211     ; the way we count one Human 'button is pressed' state 
                      00212     ; we count all short Human pushes
0030   0BA6           00213     decfsz      ShortPushCounter,f
0031   2???           00214     goto        LookForOneStableState
                      00215 
0032   3008           00216     movlw       OneShortHumanPushCounterMAX
0033   00A6           00217     movwf       ShortPushCounter
                      00218 
0034   0AA7           00219     incf        ShortPushCounterNumber,f
                      00220 
0035   1803           00221     btfsc       STATUS,C
0036   03A7           00222     decf        ShortPushCounterNumber,f
0037   1003           00223     bcf         STATUS,C
MPASM  5.51                           LED.ASM   8-28-2020  16:49:24         PAGE  6


LOC  OBJECT CODE     LINE SOURCE TEXT
  VALUE

                      00224 
0038   2???           00225     goto        LookForOneStableState    
                      00226     
                      00227 
0039                  00228 ButtonNotPushed:
                      00229     ; also process state when vutton was pushed and released
                      00230     ; if it was not at all, ShortPushCounterNumber is 0x00
0039   0827           00231     movf        ShortPushCounterNumber,w 
003A   1903           00232     btfsc       STATUS,Z 
003B   2???           00233     goto        CHECK_BUTTON_END           
                      00234 
                      00235     ; proceed here if button was pushed and released
003C   30F8           00236     movlw       OneLongHumanPushCounter        
003D   0727           00237     addwf       ShortPushCounterNumber,w
                      00238 
003E   13A2           00239     bcf         ButtonState, IsLongPush                 ; Test for Long push 
003F   1803           00240     btfsc       STATUS,C
0040   17A2           00241     bsf         ButtonState, IsLongPush            
                      00242 
0041   302F           00243     movlw       UserCommandSelectionDelay               ; Reset user choise time counter - delay before 
                            choise is processed
0042   00A8           00244     movwf       UserCommandSelectionCounter
                      00245 
Message[305]: Using default destination of 1 (file).
0043   0AA2           00246     incf        ButtonState
                      00247     ;movfw       ButtonState
                      00248     
                      00249     ;debug
                      00250     ;movwf       PORTD  
                      00251 
0044                  00252 CHECK_BUTTON_END:
                      00253 
                      00254 
                      00255     ; next step is to decode user command
0044                  00256 USER_CHOISE_SELECTION:
                      00257 
                      00258     ; delay for user to make a mode choise
Message[305]: Using default destination of 1 (file).
0044   03A8           00259     decf        UserCommandSelectionCounter   
                      00260 
                      00261     ; check if current mode is selected
0045   1BA1           00262     btfsc       CurrentMode,Selected
0046   2???           00263     goto        CheckLongPush
                      00264 
0047   0821           00265     movf        CurrentMode,w 
0048   1903           00266     btfsc       STATUS,Z                    ; 
0049   2???           00267     goto        CheckLongPush
                      00268         
004A   0828           00269     movf        UserCommandSelectionCounter,w
004B   1903           00270     btfsc       STATUS,Z
004C   17A1           00271     bsf         CurrentMode,Selected
                      00272 
004D                  00273 CheckLongPush:
MPASM  5.51                           LED.ASM   8-28-2020  16:49:24         PAGE  7


LOC  OBJECT CODE     LINE SOURCE TEXT
  VALUE

                      00274     ; long push must be processed despite UserCommandSelectionCounter
004D   1FA2           00275     btfss       ButtonState, IsLongPush 
004E   2???           00276     goto        UserShortPush                         ; not a long push
                      00277 
004F   0821           00278     movf        CurrentMode,w                         ; if CurrentMode 0x00 then turn on red light or SO
                            S(from power off)
0050   1903           00279     btfsc       STATUS,Z                              ; if 
0051   2???           00280     goto        TurnOnWithLongPush
                      00281 
0052                  00282 TurnOFF:
0052   2???           00283     call        TURN_OFF
                      00284 
0053   2???           00285     goto        USER_CHOISE_SELECTION_END
                      00286 
0054                  00287 TurnOnWithLongPush:
                      00288 
                      00289     ;RED_ON                      EQU b'00000011'
                      00290     ;SOS_ON                      EQU b'00000100'
                      00291 
                      00292     if ( WithRedLight )             ; either red light or SOS on long push from OFF state
                      00293         movlw   RED_ON
                      00294     else
0054   3003           00295         movlw   SOS_ON
                      00296     endif
                      00297  
0055   00A1           00298     movwf       CurrentMode
                      00299 
0056   01A2           00300     clrf        ButtonState                  ; processed - Mode changed
                      00301 
0057   17A1           00302     bsf         CurrentMode,Selected
                      00303 
0058   2???           00304     goto        USER_CHOISE_SELECTION_END
                      00305 
0059                  00306 UserShortPush:
                      00307     ; process short counts
0059   0822           00308     movf        ButtonState,w 
005A   1903           00309     btfsc       STATUS,Z                    ; if ButtonState is 0x00 then no action
005B   2???           00310     goto        USER_CHOISE_SELECTION_END    
                      00311 
005C   01A2           00312     clrf        ButtonState                 ; processed - Mode changed
                      00313     
005D   1BA1           00314     btfsc       CurrentMode,Selected         
005E   2???           00315     goto        BRIGHTNESS_OR_PATTERN_CHANGE
                      00316 
Message[305]: Using default destination of 1 (file).
005F   0AA1           00317     incf        CurrentMode                 ; select next mode
                      00318 
                      00319     ;OFF_MODE                    EQU b'00000000'
                      00320     ;LIGHT_ON                    EQU b'00000001'
                      00321     ;STROBE_ON                   EQU b'00000010'
                      00322     ;SOS_ON                      EQU b'00000011'
                      00323     ;RED_ON                      EQU b'00000100'
                      00324 
MPASM  5.51                           LED.ASM   8-28-2020  16:49:24         PAGE  8


LOC  OBJECT CODE     LINE SOURCE TEXT
  VALUE

0060   0821           00325     movf        CurrentMode,w
                      00326 
                      00327     if ( WithRedLight )             ; check if user wants to Turn OFF
                      00328        xorlw    b'00000101'
                      00329     else
0061   3A04           00330        xorlw    b'00000100' 
                      00331     endif
                      00332 
0062   1903           00333     btfsc       STATUS,Z           ; Choise menu is cyclic - after last position turn OFF
0063   2???           00334     goto        TurnOFF
                      00335     
0064                  00336 USER_CHOISE_SELECTION_END:
                      00337 
                      00338     ;debug
                      00339 ;    movf        CurrentMode,w
                      00340 ;    movwf       PORTD
                      00341     ;debug
                      00342 
0064   2???           00343     goto        MAIN_PROGRAM_LOOP
                      00344 
                      00345 
0065                  00346 BRIGHTNESS_OR_PATTERN_CHANGE:
                      00347     ; button has been pushed while mode is already selected
                      00348     ; change mode settings
                      00349 
                      00350     ; make no change for red led
                      00351 
Message[305]: Using default destination of 1 (file).
0065   0AA0           00352     incf        BightnessSelection
0066   0820           00353     movf        BightnessSelection,w
0067   3A07           00354     xorlw       0x07
                      00355 
0068   1903           00356     btfsc       STATUS,Z
0069   01A0           00357     clrf        BightnessSelection
                      00358 
                      00359 
                      00360 
                      00361     ;debug
                      00362 
006A   0820           00363     movfw       BightnessSelection            ; 
006B   2???           00364     call        SET_PWM_by_lookupTable        ; 
006C   0088           00365     movwf       PORTD                        ; 
                      00366 
                      00367 ;    btfss       CurrentMode, 4
                      00368 ;    goto        $+3
                      00369 ;    bcf         CurrentMode, 4
                      00370 ;    goto        $+2
                      00371 ;    bsf         CurrentMode, 4
                      00372 ;    nop
                      00373     ;debug
                      00374 
                      00375      ;retlw     b'00000110'             ; 0
                      00376      ;retlw     b'00001110'             ; 1
MPASM  5.51                           LED.ASM   8-28-2020  16:49:24         PAGE  9


LOC  OBJECT CODE     LINE SOURCE TEXT
  VALUE

                      00377      ;retlw     b'00010110'             ; 2
                      00378      ;retlw     b'00100110'             ; 3
                      00379      ;retlw     b'10000110'             ; 4
                      00380      ;retlw     b'10011110'             ; 5
                      00381      ;retlw     b'11000110'             ; 6
                      00382 
                      00383 
006D                  00384 BRIGHTNESS_OR_PATTERN_CHANGE_END
                      00385 
006D   2???           00386     goto        MAIN_PROGRAM_LOOP
                      00387 
                      00388 
                      00389 
                      00390 ; -----------------------------------------------------------------------
                      00391 ; *             Subroutines
                      00392 ; -----------------------------------------------------------------------
                      00393 
                      00394 
006E                  00395 TURN_OFF:
006E   01A1           00396     clrf      CurrentMode                   ;
006F   01A2           00397     clrf      ButtonState                   ;
0070   01A3           00398     clrf      StrobeMode                    ;
0071   01A0           00399     clrf      BightnessSelection            ; 
0072   01A8           00400     clrf      UserCommandSelectionCounter   ;
                      00401 
                      00402     ;set least brightness available
0073   0103           00403     clrw                                    ;
0074   2???           00404     call      SET_PWM_by_lookupTable        ; 
0075   0095           00405     movwf     CCPR1L                        ; 
                      00406 
0076   0008           00407     return
                      00408 
                      00409 
                      00410 ; *******************************************************************
                      00411 ; *             Delay  1ms
                      00412 ; *******************************************************************
0077                  00413 DELAY_1mS:
0077   3047           00414      movlw     .71                 ; delay ~1000uS
0078   00AC           00415      movwf     Delay
0079   0BAC           00416      decfsz    Delay,f             ; this loop does 215 cycles
007A   2???           00417      goto      $-1          
007B   0BAC           00418      decfsz    Delay,f             ; This loop does 786 cycles
007C   2???           00419      goto      $-1;
                      00420 ;DELAY_1mS - end
007D   0008           00421     return
                      00422 
007E   2???           00423      goto      MAIN_PROGRAM_LOOP
                      00424 
                      00425 
                      00426 ; *******************************************************************
                      00427 ; *             lightness in PWM %
                      00428 ; *******************************************************************
                      00429 
MPASM  5.51                           LED.ASM   8-28-2020  16:49:24         PAGE 10


LOC  OBJECT CODE     LINE SOURCE TEXT
  VALUE

                      00430      org     0xf7                  ; force table to cross a 256 instruction boundary
00F7                  00431 SET_PWM_by_lookupTable:
00F7   3907           00432      andlw     0x07                ; mask off invalid entries
00F8   00AD           00433      movwf     temp
00F9   30??           00434      movlw     high TableStart     ; get high order part of the beginning of the table
00FA   008A           00435      movwf     PCLATH
00FB   30??           00436      movlw     low TableStart      ; load starting address of table
00FC   072D           00437      addwf     temp,w              ; add offset
00FD   1803           00438      btfsc     STATUS,C            ; did it overflow?
00FE   0A8A           00439      incf      PCLATH,f            ; yes: increment PCLATH
00FF   0082           00440      movwf     PCL                 ; modify PCL
                      00441 
0100                  00442 TableStart:
0100   3406           00443      retlw     b'00000110'             ; 0
0101   340E           00444      retlw     b'00001110'             ; 1
0102   3416           00445      retlw     b'00010110'             ; 2
0103   3426           00446      retlw     b'00100110'             ; 3
0104   3486           00447      retlw     b'10000110'             ; 4
0105   349E           00448      retlw     b'10011110'             ; 5
0106   34C6           00449      retlw     b'11000110'             ; 6
                      00450 ; SET_PWM_by_lookupTable_END
                      00451 
                      00452      
                      00453 ; END CODE
20C4 3EFF             00454      end
MPASM  5.51                           LED.ASM   8-28-2020  16:49:24         PAGE 11


SYMBOL TABLE
  LABEL                             VALUE 

ABDEN                             00000000
ABDOVF                            00000007
ACKDT                             00000005
ACKEN                             00000004
ACKSTAT                           00000006
ADCON0                            0000001F
ADCON1                            0000009F
ADCS0                             00000006
ADCS1                             00000007
ADDEN                             00000003
ADFM                              00000007
ADIE                              00000006
ADIF                              00000006
ADON                              00000000
ADRESH                            0000001E
ADRESL                            0000009E
ANS0                              00000000
ANS1                              00000001
ANS10                             00000002
ANS11                             00000003
ANS12                             00000004
ANS13                             00000005
ANS2                              00000002
ANS3                              00000003
ANS4                              00000004
ANS5                              00000005
ANS6                              00000006
ANS7                              00000007
ANS8                              00000000
ANS9                              00000001
ANSEL                             00000188
ANSELH                            00000189
BAUDCTL                           00000187
BCLIE                             00000003
BCLIF                             00000003
BF                                00000000
BRG0                              00000000
BRG1                              00000001
BRG10                             00000002
BRG11                             00000003
BRG12                             00000004
BRG13                             00000005
BRG14                             00000006
BRG15                             00000007
BRG16                             00000003
BRG2                              00000002
BRG3                              00000003
BRG4                              00000004
BRG5                              00000005
BRG6                              00000006
BRG7                              00000007
BRG8                              00000000
BRG9                              00000001
MPASM  5.51                           LED.ASM   8-28-2020  16:49:24         PAGE 12


SYMBOL TABLE
  LABEL                             VALUE 

BRGH                              00000002
BRIGHTNESS_OR_PATTERN_CHANGE      00000065
BRIGHTNESS_OR_PATTERN_CHANGE_END  0000006D
BightnessSelection                00000020
ButtonDebounce                    00000025
ButtonNotPushed                   00000039
ButtonPushCounterTMP              00000025
ButtonPushed                      00000030
ButtonState                       00000022
C                                 00000000
C1CH0                             00000000
C1CH1                             00000001
C1IE                              00000005
C1IF                              00000005
C1OE                              00000005
C1ON                              00000007
C1OUT                             00000006
C1POL                             00000004
C1R                               00000002
C1RSEL                            00000005
C1SEN                             00000005
C2CH0                             00000000
C2CH1                             00000001
C2IE                              00000006
C2IF                              00000006
C2OE                              00000005
C2ON                              00000007
C2OUT                             00000006
C2POL                             00000004
C2R                               00000002
C2REN                             00000004
C2RSEL                            00000004
C2SYNC                            00000000
CCP1                              00000002
CCP1CON                           00000017
CCP1IE                            00000002
CCP1IF                            00000002
CCP1M0                            00000000
CCP1M1                            00000001
CCP1M2                            00000002
CCP1M3                            00000003
CCP1X                             00000005
CCP1Y                             00000004
CCP2CON                           0000001D
CCP2IE                            00000000
CCP2IF                            00000000
CCP2M0                            00000000
CCP2M1                            00000001
CCP2M2                            00000002
CCP2M3                            00000003
CCP2X                             00000005
CCP2Y                             00000004
CCPR1                             00000015
MPASM  5.51                           LED.ASM   8-28-2020  16:49:24         PAGE 13


SYMBOL TABLE
  LABEL                             VALUE 

CCPR1H                            00000016
CCPR1L                            00000015
CCPR2                             0000001B
CCPR2H                            0000001C
CCPR2L                            0000001B
CHECK_BUTTON                      0000001F
CHECK_BUTTON_END                  00000044
CHS0                              00000002
CHS1                              00000003
CHS2                              00000004
CHS3                              00000005
CKE                               00000006
CKP                               00000004
CM1CON0                           00000107
CM2CON0                           00000108
CM2CON1                           00000109
CREN                              00000004
CSRC                              00000007
CheckLongPush                     0000004D
CurrentMode                       00000021
D                                 00000005
DATA_ADDRESS                      00000005
DC                                00000001
DC1B0                             00000004
DC1B1                             00000005
DC2B0                             00000004
DC2B1                             00000005
DELAY_1mS                         00000077
D_A                               00000005
D_NOT_A                           00000005
Debug                             00000001
Delay                             0000002C
ECCPAS                            0000009C
ECCPAS0                           00000004
ECCPAS1                           00000005
ECCPAS2                           00000006
ECCPASE                           00000007
EEADR                             0000010D
EEADRH                            0000010F
EECON1                            0000018C
EECON2                            0000018D
EEDAT                             0000010C
EEDATA                            0000010C
EEDATH                            0000010E
EEIE                              00000004
EEIF                              00000004
EEPGD                             00000007
ExitISR                           00000011
F                                 00000001
FALSE                             00000000
FERR                              00000002
FSR                               00000004
FVREN                             00000000
MPASM  5.51                           LED.ASM   8-28-2020  16:49:24         PAGE 14


SYMBOL TABLE
  LABEL                             VALUE 

GCEN                              00000007
GIE                               00000007
GO                                00000001
GO_DONE                           00000001
GO_NOT_DONE                       00000001
HTS                               00000002
I2C_DATA                          00000005
I2C_READ                          00000002
I2C_START                         00000003
I2C_STOP                          00000004
INDF                              00000000
INTCON                            0000000B
INTE                              00000004
INTEDG                            00000006
INTF                              00000001
IOCB                              00000096
IOCB0                             00000000
IOCB1                             00000001
IOCB2                             00000002
IOCB3                             00000003
IOCB4                             00000004
IOCB5                             00000005
IOCB6                             00000006
IOCB7                             00000007
IRCF0                             00000004
IRCF1                             00000005
IRCF2                             00000006
IRP                               00000007
IsLongPush                        00000007
LIGHT_ON                          00000001
LTS                               00000001
LookForOneStableState             00000022
MAIN_PROGRAM_CONFIG               00000000
MAIN_PROGRAM_LOOP                 0000001F
MC1OUT                            00000007
MC2OUT                            00000006
MSK                               00000093
MSK0                              00000000
MSK1                              00000001
MSK2                              00000002
MSK3                              00000003
MSK4                              00000004
MSK5                              00000005
MSK6                              00000006
MSK7                              00000007
NOT_A                             00000005
NOT_ADDRESS                       00000005
NOT_BO                            00000000
NOT_BOR                           00000000
NOT_DONE                          00000001
NOT_PD                            00000003
NOT_POR                           00000001
NOT_RBPU                          00000007
MPASM  5.51                           LED.ASM   8-28-2020  16:49:24         PAGE 15


SYMBOL TABLE
  LABEL                             VALUE 

NOT_RC8                           00000006
NOT_T1SYNC                        00000002
NOT_TO                            00000004
NOT_TX8                           00000006
NOT_W                             00000002
NOT_WRITE                         00000002
OERR                              00000001
OFF_MODE                          00000000
OPTION_REG                        00000081
OSCCON                            0000008F
OSCTUNE                           00000090
OSFIE                             00000007
OSFIF                             00000007
OSTS                              00000003
OneLongHumanPushCounter           000000F8
OneShortHumanPushCounterMAX       00000008
P                                 00000004
P1M0                              00000006
P1M1                              00000007
PCL                               00000002
PCLATH                            0000000A
PCLATH_Save                       0000002B
PCON                              0000008E
PDC0                              00000000
PDC1                              00000001
PDC2                              00000002
PDC3                              00000003
PDC4                              00000004
PDC5                              00000005
PDC6                              00000006
PEIE                              00000006
PEN                               00000002
PIE1                              0000008C
PIE2                              0000008D
PIR1                              0000000C
PIR2                              0000000D
PORTA                             00000005
PORTB                             00000006
PORTC                             00000007
PORTD                             00000008
PORTE                             00000009
PR2                               00000092
PRSEN                             00000007
PS0                               00000000
PS1                               00000001
PS2                               00000002
PSA                               00000003
PSSAC0                            00000002
PSSAC1                            00000003
PSSBD0                            00000000
PSSBD1                            00000001
PSTRCON                           0000009D
PULSR                             00000002
MPASM  5.51                           LED.ASM   8-28-2020  16:49:24         PAGE 16


SYMBOL TABLE
  LABEL                             VALUE 

PULSS                             00000003
PWM1CON                           0000009B
R                                 00000002
RA0                               00000000
RA1                               00000001
RA2                               00000002
RA3                               00000003
RA4                               00000004
RA5                               00000005
RA6                               00000006
RA7                               00000007
RB0                               00000000
RB1                               00000001
RB2                               00000002
RB3                               00000003
RB4                               00000004
RB5                               00000005
RB6                               00000006
RB7                               00000007
RBIE                              00000003
RBIF                              00000000
RC0                               00000000
RC1                               00000001
RC2                               00000002
RC3                               00000003
RC4                               00000004
RC5                               00000005
RC6                               00000006
RC7                               00000007
RC8_9                             00000006
RC9                               00000006
RCD8                              00000000
RCEN                              00000003
RCIDL                             00000006
RCIE                              00000005
RCIF                              00000005
RCREG                             0000001A
RCSTA                             00000018
RD                                00000000
RD0                               00000000
RD1                               00000001
RD2                               00000002
RD3                               00000003
RD4                               00000004
RD5                               00000005
RD6                               00000006
RD7                               00000007
RE0                               00000000
RE1                               00000001
RE2                               00000002
RE3                               00000003
READ_WRITE                        00000002
RED_ON                            00000004
MPASM  5.51                           LED.ASM   8-28-2020  16:49:24         PAGE 17


SYMBOL TABLE
  LABEL                             VALUE 

RP0                               00000005
RP1                               00000006
RSEN                              00000001
RX9                               00000006
RX9D                              00000000
R_NOT_W                           00000002
R_W                               00000002
S                                 00000003
SBOREN                            00000004
SCKP                              00000004
SCS                               00000000
SEN                               00000000
SENDB                             00000003
SET_PWM_by_lookupTable            000000F7
SMP                               00000007
SOS_ON                            00000003
SPBRG                             00000099
SPBRGH                            0000009A
SPEN                              00000007
SR0                               00000006
SR1                               00000007
SRCON                             00000185
SREN                              00000005
SSPADD                            00000093
SSPBUF                            00000013
SSPCON                            00000014
SSPCON2                           00000091
SSPEN                             00000005
SSPIE                             00000003
SSPIF                             00000003
SSPM0                             00000000
SSPM1                             00000001
SSPM2                             00000002
SSPM3                             00000003
SSPMSK                            00000093
SSPOV                             00000006
SSPSTAT                           00000094
STATUS                            00000003
STATUS_Save                       0000002A
STRA                              00000000
STRB                              00000001
STRC                              00000002
STRD                              00000003
STROBE_ON                         00000002
STRSYNC                           00000004
SWDTEN                            00000000
SYNC                              00000004
Selected                          00000007
ServiceTimer2                     0000000D
ShortPushCounter                  00000026
ShortPushCounterNumber            00000027
StableStateCounter                00000024
StableStateCounterMAX             0000000A
MPASM  5.51                           LED.ASM   8-28-2020  16:49:24         PAGE 18


SYMBOL TABLE
  LABEL                             VALUE 

StrobeMode                        00000023
T0CS                              00000005
T0IE                              00000005
T0IF                              00000002
T0SE                              00000004
T1CKPS0                           00000004
T1CKPS1                           00000005
T1CON                             00000010
T1GINV                            00000007
T1GIV                             00000007
T1GSS                             00000001
T1INSYNC                          00000002
T1OSCEN                           00000003
T1SYNC                            00000002
T2CKPS0                           00000000
T2CKPS1                           00000001
T2CON                             00000012
TMR0                              00000001
TMR0IE                            00000005
TMR0IF                            00000002
TMR1                              0000000E
TMR1CS                            00000001
TMR1GE                            00000006
TMR1H                             0000000F
TMR1IE                            00000000
TMR1IF                            00000000
TMR1L                             0000000E
TMR1ON                            00000000
TMR2                              00000011
TMR2IE                            00000001
TMR2IF                            00000001
TMR2ON                            00000002
TOUTPS0                           00000003
TOUTPS1                           00000004
TOUTPS2                           00000005
TOUTPS3                           00000006
TRISA                             00000085
TRISA0                            00000000
TRISA1                            00000001
TRISA2                            00000002
TRISA3                            00000003
TRISA4                            00000004
TRISA5                            00000005
TRISA6                            00000006
TRISA7                            00000007
TRISB                             00000086
TRISB0                            00000000
TRISB1                            00000001
TRISB2                            00000002
TRISB3                            00000003
TRISB4                            00000004
TRISB5                            00000005
TRISB6                            00000006
MPASM  5.51                           LED.ASM   8-28-2020  16:49:24         PAGE 19


SYMBOL TABLE
  LABEL                             VALUE 

TRISB7                            00000007
TRISC                             00000087
TRISC0                            00000000
TRISC1                            00000001
TRISC2                            00000002
TRISC3                            00000003
TRISC4                            00000004
TRISC5                            00000005
TRISC6                            00000006
TRISC7                            00000007
TRISD                             00000088
TRISD0                            00000000
TRISD1                            00000001
TRISD2                            00000002
TRISD3                            00000003
TRISD4                            00000004
TRISD5                            00000005
TRISD6                            00000006
TRISD7                            00000007
TRISE                             00000089
TRISE0                            00000000
TRISE1                            00000001
TRISE2                            00000002
TRISE3                            00000003
TRMT                              00000001
TRUE                              00000001
TUN0                              00000000
TUN1                              00000001
TUN2                              00000002
TUN3                              00000003
TUN4                              00000004
TURN_OFF                          0000006E
TX8_9                             00000006
TX9                               00000006
TX9D                              00000000
TXD8                              00000000
TXEN                              00000005
TXIE                              00000004
TXIF                              00000004
TXREG                             00000019
TXSTA                             00000098
TableStart                        00000100
TurnOFF                           00000052
TurnOnWithLongPush                00000054
UA                                00000001
ULPWUE                            00000005
ULPWUIE                           00000002
ULPWUIF                           00000002
USER_CHOISE_SELECTION             00000044
USER_CHOISE_SELECTION_END         00000064
UserCommandSelectionCounter       00000028
UserCommandSelectionDelay         0000002F
UserShortPush                     00000059
MPASM  5.51                           LED.ASM   8-28-2020  16:49:24         PAGE 20


SYMBOL TABLE
  LABEL                             VALUE 

VCFG0                             00000004
VCFG1                             00000005
VR0                               00000000
VR1                               00000001
VR2                               00000002
VR3                               00000003
VRCON                             00000097
VREN                              00000007
VROE                              00000006
VRR                               00000005
VRSS                              00000004
W                                 00000000
WCOL                              00000007
WDTCON                            00000105
WDTPS0                            00000001
WDTPS1                            00000002
WDTPS2                            00000003
WDTPS3                            00000004
WPUB                              00000095
WPUB0                             00000000
WPUB1                             00000001
WPUB2                             00000002
WPUB3                             00000003
WPUB4                             00000004
WPUB5                             00000005
WPUB6                             00000006
WPUB7                             00000007
WR                                00000001
WREN                              00000002
WRERR                             00000003
WUE                               00000001
W_Save                            00000029
WithRedLight                      00000000
Z                                 00000002
_BOR21V                           00003EFF
_BOR40V                           00003FFF
_BOR4V_BOR21V                     00003EFF
_BOR4V_BOR40V                     00003FFF
_BOREN_NSLEEP                     00003EFF
_BOREN_OFF                        00003CFF
_BOREN_ON                         00003FFF
_BOREN_SBODEN                     00003DFF
_BOR_NSLEEP                       00003EFF
_BOR_OFF                          00003CFF
_BOR_ON                           00003FFF
_BOR_SBODEN                       00003DFF
_CONFIG1                          00002007
_CONFIG2                          00002008
_CPD_OFF                          00003FFF
_CPD_ON                           00003F7F
_CP_OFF                           00003FFF
_CP_ON                            00003FBF
_DEBUG_OFF                        00003FFF
MPASM  5.51                           LED.ASM   8-28-2020  16:49:24         PAGE 21


SYMBOL TABLE
  LABEL                             VALUE 

_DEBUG_ON                         00001FFF
_DEVID1                           00002006
_EC_OSC                           00003FFB
_EXTRC                            00003FFF
_EXTRCIO                          00003FFE
_EXTRC_OSC_CLKOUT                 00003FFF
_EXTRC_OSC_NOCLKOUT               00003FFE
_FCMEN_OFF                        000037FF
_FCMEN_ON                         00003FFF
_FOSC_EC                          00003FFB
_FOSC_EXTRC_CLKOUT                00003FFF
_FOSC_EXTRC_NOCLKOUT              00003FFE
_FOSC_HS                          00003FFA
_FOSC_INTRC_CLKOUT                00003FFD
_FOSC_INTRC_NOCLKOUT              00003FFC
_FOSC_LP                          00003FF8
_FOSC_XT                          00003FF9
_HS_OSC                           00003FFA
_IDLOC0                           00002000
_IDLOC1                           00002001
_IDLOC2                           00002002
_IDLOC3                           00002003
_IESO_OFF                         00003BFF
_IESO_ON                          00003FFF
_INTOSC                           00003FFD
_INTOSCIO                         00003FFC
_INTRC_OSC_CLKOUT                 00003FFD
_INTRC_OSC_NOCLKOUT               00003FFC
_LP_OSC                           00003FF8
_LVP_OFF                          00002FFF
_LVP_ON                           00003FFF
_MAIN_PROG_007A                   0000007A
_MAIN_PROG_007C                   0000007C
_MCLRE_OFF                        00003FDF
_MCLRE_ON                         00003FFF
_PWRTE_OFF                        00003FFF
_PWRTE_ON                         00003FEF
_WDTE_OFF                         00003FF7
_WDTE_ON                          00003FFF
_WDT_OFF                          00003FF7
_WDT_ON                           00003FFF
_WRT_1FOURTH                      00003BFF
_WRT_256                          00003DFF
_WRT_HALF                         000039FF
_WRT_OFF                          00003FFF
_XT_OSC                           00003FF9
__16F887                          00000001
__DEBUG                           1
temp                              0000002D

MPASM  5.51                           LED.ASM   8-28-2020  16:49:24         PAGE 22





Errors   :     0
Warnings :    20 reported,     0 suppressed
Messages :    12 reported,     0 suppressed

